­ƒöì Testando contagem de leads "Fora do Grupo"...

­ƒôè Campanha encontrada: LP 05 JAN SUPER INTERESSADOS (ID: 5)

­ƒôè Total de leads na campanha: 401

­ƒôè Leads retornados pela query: 401

­ƒôè Registros em lead_campaign_groups: 401

Ô£à Leads NO GRUPO (in_group = true): 357
ÔØî Leads FORA DO GRUPO (in_group = false ou sem registro): 44
ÔÜá´©Å  Leads SEM REGISTRO na tabela lead_campaign_groups: 0

­ƒôï Exemplos de leads "Fora do Grupo" (primeiros 10):
  - ID: 38369, Nome: Regina, Telefone: 5511970187182, in_group: false, tem_registro: true
  - ID: 38373, Nome: Soraia, Telefone: 085999852678, in_group: false, tem_registro: true
  - ID: 38382, Nome: Fabi, Telefone: 5541988354898, in_group: false, tem_registro: true
  - ID: 38441, Nome: Reinaldo, Telefone: 5511961421615, in_group: false, tem_registro: true
  - ID: 38445, Nome: Jussara, Telefone: 5554991019946, in_group: false, tem_registro: true
  - ID: 38467, Nome: Ros├óngela Cristina Barro, Telefone: 5511993326408, in_group: false, tem_registro: true
  - ID: 38557, Nome: vinicius acioli apolinario, Telefone: 5548991986722, in_group: false, tem_registro: true
  - ID: 38383, Nome: Val├®ria Ant├┤nia Martins Garcia, Telefone: 5511968432940, in_group: false, tem_registro: true
  - ID: 38480, Nome: Maria da Concei├º├úo Araujo Nunes, Telefone: 5586999919410, in_group: false, tem_registro: true
  - ID: 38492, Nome: Luciene Divina da Silva Carvalho, Telefone: , in_group: false, tem_registro: true

Ô£à Teste conclu├¡do!
